../Core/Src/24l01.c:29:6:Set_RxCallback	16	static
../Core/Src/24l01.c:33:9:NRF_GetRxFlag	4	static
../Core/Src/24l01.c:37:6:NRF_ClearRxFlag	4	static
../Core/Src/24l01.c:42:6:HAL_GPIO_EXTI_Callback	16	static
../Core/Src/24l01.c:50:6:NRF24L01_IRQHandler	16	static
../Core/Src/24l01.c:74:6:NRF24L01_Init	8	static
../Core/Src/24l01.c:80:9:NRF24L01_Check	24	static
../Core/Src/24l01.c:112:9:NRF24L01_Write_Reg	32	static
../Core/Src/24l01.c:131:9:NRF24L01_Read_Reg	32	static
../Core/Src/24l01.c:153:9:NRF24L01_Read_Buf	32	static
../Core/Src/24l01.c:179:9:NRF24L01_Write_Buf	32	static
../Core/Src/24l01.c:204:9:NRF24L01_TxPacket	24	static
../Core/Src/24l01.c:250:9:NRF24L01_RxPacket	24	static
../Core/Src/24l01.c:276:6:NRF24L01_RX_Mode	16	static
../Core/Src/24l01.c:308:6:NRF24L01_TX_Mode	16	static
../Core/Src/24l01.c:328:9:NRF24L01_SendString	24	static
