../Core/Src/main.c:213:6:myRxCallback	1
../Core/Src/main.c:223:5:main	221
../Core/Src/main.c:1323:6:SystemClock_Config	4
../Core/Src/main.c:1382:6:PeriphCommonClock_Config	2
../Core/Src/main.c:1398:6:HAL_TIM_PeriodElapsedCallback	7
../Core/Src/main.c:1449:6:HAL_UART_RxCpltCallback	10
../Core/Src/main.c:1496:6:clip	6
../Core/Src/main.c:1511:6:Velocity_Plot	1
../Core/Src/main.c:1535:9:OpenForward	6
../Core/Src/main.c:1563:9:OpenTurn	6
../Core/Src/main.c:1592:6:openLoopTurning	9
../Core/Src/main.c:1635:6:openLoopForward	7
../Core/Src/main.c:1678:6:Enable_CrossDetected	1
../Core/Src/main.c:1683:6:Enable_BlockDetected	1
../Core/Src/main.c:1688:6:Require_Numbers	4
../Core/Src/main.c:1703:6:MPU_Config	1
../Core/Src/main.c:1734:6:Error_Handler	1
