../Core/Src/main.c:213:6:myRxCallback	1
../Core/Src/main.c:223:5:main	221
../Core/Src/main.c:1331:6:SystemClock_Config	4
../Core/Src/main.c:1390:6:PeriphCommonClock_Config	2
../Core/Src/main.c:1406:6:HAL_TIM_PeriodElapsedCallback	7
../Core/Src/main.c:1457:6:HAL_UART_RxCpltCallback	10
../Core/Src/main.c:1504:6:clip	6
../Core/Src/main.c:1519:6:Velocity_Plot	1
../Core/Src/main.c:1543:9:OpenForward	6
../Core/Src/main.c:1571:9:OpenTurn	6
../Core/Src/main.c:1600:6:openLoopTurning	9
../Core/Src/main.c:1643:6:openLoopForward	7
../Core/Src/main.c:1686:6:Enable_CrossDetected	1
../Core/Src/main.c:1691:6:Enable_BlockDetected	1
../Core/Src/main.c:1696:6:Require_Numbers	4
../Core/Src/main.c:1711:6:MPU_Config	1
../Core/Src/main.c:1742:6:Error_Handler	1
