../Core/Src/main.c:219:6:myRxCallback	16	static
../Core/Src/main.c:229:5:main	56	static,ignoring_inline_asm
../Core/Src/main.c:1380:6:SystemClock_Config	120	static
../Core/Src/main.c:1439:6:PeriphCommonClock_Config	200	static
../Core/Src/main.c:1455:6:HAL_TIM_PeriodElapsedCallback	16	static
../Core/Src/main.c:1506:6:HAL_UART_RxCpltCallback	16	static
../Core/Src/main.c:1553:6:clip	24	static
../Core/Src/main.c:1568:6:Velocity_Plot	24	static
../Core/Src/main.c:1592:9:OpenForward	8	static
../Core/Src/main.c:1620:9:OpenTurn	16	static
../Core/Src/main.c:1649:6:openLoopTurning	24	static
../Core/Src/main.c:1692:6:openLoopForward	32	static
../Core/Src/main.c:1738:6:Enable_CrossDetected	8	static
../Core/Src/main.c:1743:6:Enable_BlockDetected	8	static
../Core/Src/main.c:1748:6:Require_Numbers	16	static
../Core/Src/main.c:1763:6:MPU_Config	24	static
../Core/Src/main.c:1794:6:Error_Handler	4	static,ignoring_inline_asm
