../Core/Src/Velocity_PID.c:17:6:BL_Velocity_PID_Init	4	static
../Core/Src/Velocity_PID.c:38:6:BR_Velocity_PID_Init	4	static
../Core/Src/Velocity_PID.c:59:6:Velocity_PID_Init	8	static
../Core/Src/Velocity_PID.c:67:6:BL_Velocity_PID_Control	8	static
../Core/Src/Velocity_PID.c:114:6:BR_Velocity_PID_Control	8	static
../Core/Src/Velocity_PID.c:162:6:Velocity_Update	8	static
../Core/Src/Velocity_PID.c:185:6:BL_Velocity_PID_Reset	4	static
../Core/Src/Velocity_PID.c:190:6:BR_Velocity_PID_Reset	4	static
../Core/Src/Velocity_PID.c:195:6:Velocity_PID_Reset	4	static
../Core/Src/Velocity_PID.c:203:6:Set_BL_TargetVelocity	16	static
../Core/Src/Velocity_PID.c:208:6:Set_BR_TargetVelocity	16	static
../Core/Src/Velocity_PID.c:213:6:Set_TargetVelocity	16	static
../Core/Src/Velocity_PID.c:219:6:Set_BL_Kp	16	static
../Core/Src/Velocity_PID.c:223:6:Set_BL_Ki	16	static
../Core/Src/Velocity_PID.c:227:6:Set_BL_Kd	16	static
../Core/Src/Velocity_PID.c:232:6:Set_BR_Kp	16	static
../Core/Src/Velocity_PID.c:237:6:Set_BR_Ki	16	static
../Core/Src/Velocity_PID.c:241:6:Set_BR_Kd	16	static
